Eliminated node at line 82: send_frame.apply();
Eliminated node at line 134: ipv4_lpm.apply();
Eliminated node at line 135: forward.apply();
Eliminated node at line 138: broadcast.apply();
Replaced node at line 77: standard_metadata.egress_port: exact; with 0
Replaced node at line 118: meta.routing_metadata.nhop_ipv4: exact; with 0
statement_count_before:17
statement_count_after:13
cyclomatic_complexity:15
num_parsers_paths:2
num_updates_processed:0
num_respecializations:0

