Eliminated node at line 35: ret = ret + 1;
Eliminated node at line 38: ret = ret + 2;
Eliminated node at line 39: } else if (h.eth_hdr.eth_type == x) {
Eliminated node at line 49: ret = ret + 16;
Eliminated node at line 69: t1.apply();
statement_count_before:15
statement_count_after:7
cyclomatic_complexity:9
num_parsers_paths:1
num_updates_processed:0
num_respecializations:0

