Replaced node at line 517: ingress_port_vlan.apply(); with deny();
Replaced node at line 518: fwd_classifier.apply(); with set_forwarding_type(0);
Eliminated node at line 520: if (local_metadata.skip_forwarding == false) {
Replaced node at line 530: t_line_map.apply(); with set_line(0);
Eliminated node at line 536: return;
Eliminated node at line 535: if(t_pppoe_cp.apply().hit) {
Eliminated node at line 548: if (t_line_session_map.apply().hit) {
Eliminated node at line 548: if (t_line_session_map.apply().hit) {
Eliminated node at line (unknown): 
Eliminated node at line 567: hdr.bmd.push_double_vlan = local_metadata.push_double_vlan == true ? 8w1 : 8w0;
Replaced node at line 647: egress_vlan.apply(); with drop_3/drop();
Replaced node at line 455: local_metadata.bng.line_id : exact @name("line_id"); with 0
Replaced node at line 481: local_metadata.bng.line_id : exact @name("line_id"); with 0
Replaced node at line 502: local_metadata.bng.line_id : ternary @name("line_id"); with 0
statement_count_before:153
statement_count_after:147
cyclomatic_complexity:49
num_parsers_paths:70
num_updates_processed:0
num_respecializations:0

